{"HostConfigHash":"a60a3b3","CardHash":"37edee8","Error":null}