{"HostConfigHash":"5da68b8","CardHash":"761d3b1","Error":null}