{"HostConfigHash":"5da68b8","CardHash":"ce465f9","Error":null}