{"HostConfigHash":"5da68b8","CardHash":"3f8aaf2","Error":null}