{"HostConfigHash":"0429fa9","CardHash":"37edee8","Error":null}