{"HostConfigHash":"9f2d152","CardHash":"5a5056b","Error":null}