{"HostConfigHash":"04138f4","CardHash":"153eee3","Error":null}