{"HostConfigHash":"9f2d152","CardHash":"38f5df4","Error":null}