{"HostConfigHash":"9f2d152","CardHash":"761d3b1","Error":null}