{"HostConfigHash":"356db29","CardHash":"a691388","Error":null}