{"HostConfigHash":"6e7bf22","CardHash":"5a5056b","Error":null}