{"HostConfigHash":"9aebe2c","CardHash":"6710c97","Error":null}