{"HostConfigHash":"9aebe2c","CardHash":"5a5056b","Error":null}