{"HostConfigHash":"9aebe2c","CardHash":"8bc0461","Error":null}