{"HostConfigHash":"6e7bf22","CardHash":"dedac4f","Error":null}