{"HostConfigHash":"6e7bf22","CardHash":"ce465f9","Error":null}