{"HostConfigHash":"6e7bf22","CardHash":"8bc0461","Error":null}