{"HostConfigHash":"6e7bf22","CardHash":"12959ad","Error":null}