{"HostConfigHash":"c91d539","CardHash":"37edee8","Error":null}