{"HostConfigHash":"4307737","CardHash":"a691388","Error":null}