{"HostConfigHash":"c91d539","CardHash":"80ad09a","Error":null}