{"HostConfigHash":"6e7bf22","CardHash":"c4e7366","Error":null}