{"HostConfigHash":"2ac7c52","CardHash":"d274850","Error":null}