{"HostConfigHash":"b2b93fe","CardHash":"80ad09a","Error":null}