{"HostConfigHash":"f813d32","CardHash":"761d3b1","Error":null}