{"HostConfigHash":"8451742","CardHash":"37edee8","Error":null}