{"HostConfigHash":"96064a9","CardHash":"aec0620","Error":null}