{"HostConfigHash":"2ad2f87","CardHash":"8bc0461","Error":null}