{"HostConfigHash":"5cd4939","CardHash":"8bc0461","Error":null}