{"HostConfigHash":"cd9e1e1","CardHash":"7524c68","Error":null}