{"HostConfigHash":"7a1e012","CardHash":"7524c68","Error":null}