{"HostConfigHash":"96064a9","CardHash":"461f2d5","Error":null}