{"HostConfigHash":"66020f3","CardHash":"aec0620","Error":null}