{"HostConfigHash":"7a1e012","CardHash":"aec0620","Error":null}