{"HostConfigHash":"671e492","CardHash":"461f2d5","Error":null}