{"HostConfigHash":"5cd4939","CardHash":"7524c68","Error":null}