{"HostConfigHash":"671e492","CardHash":"aec0620","Error":null}