{"HostConfigHash":"5cd4939","CardHash":"aec0620","Error":null}