{"actions":[],"body":[{"columns":[{"backgroundImage":"https://picsum.photos/30/30?image=101","items":[{"text":"ColumnSet 1","type":"TextBlock"},{"text":"Column 1","type":"TextBlock"},{"text":"Stretch","type":"TextBlock"}],"type":"Column","width":"auto"},{"items":[{"text":"ColumnSet 1","type":"TextBlock"},{"text":"Column 2","type":"TextBlock"},{"text":"Stretch","type":"TextBlock"}],"type":"Column","width":"auto"}],"type":"ColumnSet"},{"columns":[{"backgroundImage":{"mode":"repeat","url":"https://picsum.photos/30/30?image=101"},"items":[{"text":"ColumnSet 2","type":"TextBlock"},{"text":"Column 1","type":"TextBlock"},{"text":"Repeat","type":"TextBlock"}],"type":"Column","width":"auto"},{"items":[{"text":"ColumnSet 2","type":"TextBlock"},{"text":"Column 2","type":"TextBlock"},{"text":"Repeat","type":"TextBlock"}],"type":"Column","width":"auto"}],"type":"ColumnSet"},{"columns":[{"backgroundImage":{"mode":"repeatHorizontally","url":"https://picsum.photos/30/30?image=101"},"items":[{"text":"ColumnSet 3","type":"TextBlock"},{"text":"Column 1","type":"TextBlock"},{"text":"RepeatHorizontally","type":"TextBlock"}],"type":"Column","width":"auto"},{"backgroundImage":{"mode":"repeatHorizontally","url":"https://picsum.photos/30/30?image=101","verticalAlignment":"center"},"items":[{"text":"ColumnSet 3","type":"TextBlock"},{"text":"Column 2","type":"TextBlock"},{"text":"RepeatHorizontally","type":"TextBlock"}],"type":"Column","width":"auto"},{"backgroundImage":{"mode":"repeatHorizontally","url":"https://picsum.photos/30/30?image=101","verticalAlignment":"bottom"},"items":[{"text":"ColumnSet 3","type":"TextBlock"},{"text":"Column 2","type":"TextBlock"},{"text":"RepeatHorizontally","type":"TextBlock"}],"type":"Column","width":"auto"}],"type":"ColumnSet"},{"columns":[{"backgroundImage":{"mode":"repeatVertically","url":"https://picsum.photos/30/30?image=101"},"items":[{"text":"ColumnSet 4","type":"TextBlock"},{"text":"Column 1","type":"TextBlock"},{"text":"RepeatVertically","type":"TextBlock"}],"type":"Column","width":"auto"},{"backgroundImage":{"horizontalAlignment":"center","mode":"repeatVertically","url":"https://picsum.photos/30/30?image=101"},"items":[{"text":"ColumnSet 4","type":"TextBlock"},{"text":"Column 2","type":"TextBlock"},{"text":"RepeatVertically","type":"TextBlock"}],"type":"Column","width":"auto"},{"backgroundImage":{"horizontalAlignment":"right","mode":"repeatVertically","url":"https://picsum.photos/30/30?image=101"},"items":[{"text":"ColumnSet 4","type":"TextBlock"},{"text":"Column 2","type":"TextBlock"},{"text":"RepeatVertically","type":"TextBlock"}],"type":"Column","width":"auto"}],"type":"ColumnSet"}],"type":"AdaptiveCard","version":"1.2"}