{"actions":[],"body":[{"columns":[{"items":[{"text":"I've got something to tell you...","type":"TextBlock","wrap":true}],"type":"Column"},{"items":[{"actions":[{"data":"null","id":"","next":"expanded","title":"Open","type":"Action.Submit"}],"type":"ActionSet"}],"size":"auto","type":"Column","visibleViewStates":["default"],"width":"auto"},{"items":[{"actions":[{"data":"null","id":"","next":"default","title":"Close","type":"Action.Submit"}],"type":"ActionSet"}],"size":"auto","type":"Column","visibleViewStates":["expanded"],"width":"auto"}],"type":"ColumnSet"},{"text":"Adaptive Cards now supports view states!","type":"TextBlock","visibleViewStates":["expanded"],"wrap":true}],"knownViewStates":["default","expanded"],"type":"AdaptiveCard","version":"2.0"}