{"HostConfigHash":"d27c6d5","CardHash":"37edee8","Error":null}