{"HostConfigHash":"2a972a2","CardHash":"a691388","Error":null}