{"HostConfigHash":"d00cafb","CardHash":"ecd7395","Error":null}