{"HostConfigHash":"bc42010","CardHash":"37edee8","Error":null}