{"HostConfigHash":"68476db","CardHash":"6710c97","Error":null}