{"HostConfigHash":"1bb97f8","CardHash":"dedac4f","Error":null}