{"HostConfigHash":"68476db","CardHash":"5a5056b","Error":null}