{"HostConfigHash":"d00cafb","CardHash":"80ad09a","Error":null}